[javedansari4122.000webhostapp.com/index.html]
[backblue.gif]
[fade.gif]
[index.html]
[javedansari4122.000webhostapp.com/style.css]
[javedansari4122.000webhostapp.com/buttonstyle.css]
[javedansari4122.000webhostapp.com/iconn.png]
[javedansari4122.000webhostapp.com/index-2.html]
[javedansari4122.000webhostapp.com/search.html]
[javedansari4122.000webhostapp.com/login.html]
[javedansari4122.000webhostapp.com/signup.html]
[javedansari4122.000webhostapp.com/contact.html]
[code.jquery.com/jquery-3.3.1.js]
[javedansari4122.000webhostapp.com/ds_programs_topics.html]
[cdn.000webhost.com/000webhost/logo/footer-powered-by-000webhost-white2.png]
[javedansari4122.000webhostapp.com/index.html]
[javedansari4122.000webhostapp.com/style.css]
[javedansari4122.000webhostapp.com/buttonstyle.css]
[javedansari4122.000webhostapp.com/index-2.html]
[javedansari4122.000webhostapp.com/search.html]
[javedansari4122.000webhostapp.com/query.php]
[javedansari4122.000webhostapp.com/login.html]
[javedansari4122.000webhostapp.com/signupscript.js]
[javedansari4122.000webhostapp.com/white.png]
[a.opmnstr.com/app/js/api.min.js]
[javedansari4122.000webhostapp.com/signup.html]
[javedansari4122.000webhostapp.com/contact.html]
[javedansari4122.000webhostapp.com/contactstyle.css]
[javedansari4122.000webhostapp.com/c_programs_topics.php]
[javedansari4122.000webhostapp.com/c_programs_topics.css]
[javedansari4122.000webhostapp.com/cpp_programs_topics.php]
[javedansari4122.000webhostapp.com/c_arrays.html]
[javedansari4122.000webhostapp.com/c_pointers.html]
[javedansari4122.000webhostapp.com/c_structures.html]
[javedansari4122.000webhostapp.com/c_recursion.html]
[javedansari4122.000webhostapp.com/ds_linkedlist.html]
[javedansari4122.000webhostapp.com/ds_stack.html]
[javedansari4122.000webhostapp.com/ds_queue.html]
[javedansari4122.000webhostapp.com/ds_tree.html]
[javedansari4122.000webhostapp.com/ds_sorting.html]
[javedansari4122.000webhostapp.com/ds_programs_topics.html]
[javedansari4122.000webhostapp.com/backend-search.html]
[javedansari4122.000webhostapp.com/query.php]
[javedansari4122.000webhostapp.com/signup.css]
[javedansari4122.000webhostapp.com/contactstyle.css]
[javedansari4122.000webhostapp.com/ds_hashing.html]
[javedansari4122.000webhostapp.com/search.css]
[javedansari4122.000webhostapp.com/c_strings.html]
[javedansari4122.000webhostapp.com/c_dma.html]
[javedansari4122.000webhostapp.com/c_filehandling.html]
[javedansari4122.000webhostapp.com/c_programs_topics.php]
[javedansari4122.000webhostapp.com/c_patterns.html]
[javedansari4122.000webhostapp.com/cpp_oops.html]
[javedansari4122.000webhostapp.com/cpp_programs_topics.php]
[javedansari4122.000webhostapp.com/c_programs_topics.css]
[javedansari4122.000webhostapp.com/cpp_stl.html]
[javedansari4122.000webhostapp.com/c_arrays.html]
[javedansari4122.000webhostapp.com/c_pointers.html]
[javedansari4122.000webhostapp.com/c_structures.html]
[javedansari4122.000webhostapp.com/c_recursion.html]
[javedansari4122.000webhostapp.com/ds_linkedlist.html]
[javedansari4122.000webhostapp.com/ds_stack.html]
[javedansari4122.000webhostapp.com/ds_queue.html]
[javedansari4122.000webhostapp.com/ds_tree.html]
[javedansari4122.000webhostapp.com/ds_sorting.html]
[javedansari4122.000webhostapp.com/ds_hashing.html]
[javedansari4122.000webhostapp.com/searchicon.png]
[javedansari4122.000webhostapp.com/search.css]
[javedansari4122.000webhostapp.com/c_strings.html]
[javedansari4122.000webhostapp.com/c_dma.html]
[javedansari4122.000webhostapp.com/c_filehandling.html]
[javedansari4122.000webhostapp.com/c_patterns.html]
[javedansari4122.000webhostapp.com/cpp_oops.html]
[javedansari4122.000webhostapp.com/cpp_stl.html]
[javedansari4122.000webhostapp.com/load-programs.html]
[javedansari4122.000webhostapp.com/c_functions.php]
[javedansari4122.000webhostapp.com/c_basics.php]
[javedansari4122.000webhostapp.com/c_basics.php]
[javedansari4122.000webhostapp.com/c_functions.php]
